Flutter crash report.
Please report a bug at https://github.com/flutter/flutter/issues.

## command

flutter test

## exception

TimeoutException: TimeoutException after 0:05:00.000000: Could not acquire the lock to C:\Users\Davie\Programming\Flutter Development\egg-crack-detection\.dart_tool\hooks_runner\shared\dartcv4\.lock.

```
#0      _runUnderFileLock (package:hooks_runner/src/locking/locking.dart:127:3)
<asynchronous suspension>
#1      runUnderDirectoriesLock (package:hooks_runner/src/locking/locking.dart:21:10)
<asynchronous suspension>
#2      NativeAssetsBuildRunner._runHookForPackageCached.<anonymous closure> (package:hooks_runner/src/build_runner/build_runner.dart:417:17)
<asynchronous suspension>
#3      NativeAssetsBuildRunner._timeAsync (package:hooks_runner/src/build_runner/build_runner.dart:1118:14)
<asynchronous suspension>
#4      NativeAssetsBuildRunner.build.<anonymous closure> (package:hooks_runner/src/build_runner/build_runner.dart:194:22)
<asynchronous suspension>
#5      NativeAssetsBuildRunner._timeAsync (package:hooks_runner/src/build_runner/build_runner.dart:1118:14)
<asynchronous suspension>
#6      FlutterNativeAssetsBuildRunnerImpl.build (package:flutter_tools/src/isolated/native_assets/native_assets.dart:234:60)
<asynchronous suspension>
#7      _build (package:flutter_tools/src/isolated/native_assets/native_assets.dart:607:36)
<asynchronous suspension>
#8      _runDartHooks (package:flutter_tools/src/isolated/native_assets/native_assets.dart:534:37)
<asynchronous suspension>
#9      testCompilerBuildNativeAssets (package:flutter_tools/src/isolated/native_assets/test/native_assets.dart:70:42)
<asynchronous suspension>
#10     TestCommand.runCommand (package:flutter_tools/src/commands/test.dart:484:11)
<asynchronous suspension>
#11     FlutterCommand.run.<anonymous closure> (package:flutter_tools/src/runner/flutter_command.dart:1590:27)
<asynchronous suspension>
#12     AppContext.run.<anonymous closure> (package:flutter_tools/src/base/context.dart:154:19)
<asynchronous suspension>
#13     CommandRunner.runCommand (package:args/command_runner.dart:212:13)
<asynchronous suspension>
#14     FlutterCommandRunner.runCommand.<anonymous closure> (package:flutter_tools/src/runner/flutter_command_runner.dart:496:9)
<asynchronous suspension>
#15     AppContext.run.<anonymous closure> (package:flutter_tools/src/base/context.dart:154:19)
<asynchronous suspension>
#16     FlutterCommandRunner.runCommand (package:flutter_tools/src/runner/flutter_command_runner.dart:431:5)
<asynchronous suspension>
#17     FlutterCommandRunner.run.<anonymous closure> (package:flutter_tools/src/runner/flutter_command_runner.dart:307:33)
<asynchronous suspension>
#18     run.<anonymous closure>.<anonymous closure> (package:flutter_tools/runner.dart:104:11)
<asynchronous suspension>
#19     AppContext.run.<anonymous closure> (package:flutter_tools/src/base/context.dart:154:19)
<asynchronous suspension>
#20     main (package:flutter_tools/executable.dart:103:3)
<asynchronous suspension>
```

## flutter doctor

```
[✓] Flutter (Channel stable, 3.41.9, on Microsoft Windows [Version 10.0.26200.8655], locale en-US) [8.9s]
    • Flutter version 3.41.9 on channel stable at C:\Users\Davie\AppData\Local\flutter
    • Upstream repository https://github.com/flutter/flutter.git
    • Framework revision 00b0c91f06 (3 months ago), 2026-04-29 10:03:19 -0700
    • Engine revision 42d3d75a56
    • Dart version 3.11.5
    • DevTools version 2.54.2
    • Feature flags: enable-web, enable-linux-desktop, enable-macos-desktop, enable-windows-desktop, enable-android, enable-ios, cli-animations, enable-native-assets, omit-legacy-version-file, enable-lldb-debugging, enable-uiscene-migration

[✓] Windows Version (Windows 11 or higher, 25H2, 2009) [34.3s]

[✓] Android toolchain - develop for Android devices (Android SDK version 36.1.0) [31.8s]
    • Android SDK at C:\Users\Davie\AppData\Local\Android\sdk
    • Emulator version 36.5.11.0 (build_id 15261927) (CL:N/A)
    • Platform android-36.1, build-tools 36.1.0
    • Java binary at: C:\Program Files\Android\Android Studio\jbr\bin\java
      This is the JDK bundled with the latest Android Studio installation on this machine.
      To manually set the JDK path, use: `flutter config --jdk-dir="path/to/jdk"`.
    • Java version OpenJDK Runtime Environment (build 21.0.10+-14961533-b1163.108)
    • All Android licenses accepted.

[✓] Chrome - develop for the web [4.8s]
    • Chrome at C:\Program Files\Google\Chrome\Application\chrome.exe

[✓] Visual Studio - develop Windows apps (Visual Studio Community 2026 Insiders [11723.189]) [4.8s]
    • Visual Studio at C:\Program Files\Microsoft Visual Studio\18\Insiders
    • Visual Studio Community 2026 version 18.6.11723.189
    • The current Visual Studio installation is a pre-release version. It may not be supported by Flutter yet.
    • Windows 10 SDK version 10.0.26100.0

[✓] Connected device (3 available) [6.5s]
    • Windows (desktop) • windows • windows-x64    • Microsoft Windows [Version 10.0.26200.8655]
    • Chrome (web)      • chrome  • web-javascript • Google Chrome 150.0.7871.115
    • Edge (web)        • edge    • web-javascript • Microsoft Edge 149.0.4022.80

[✓] Network resources [1,997ms]
    • All expected network resources are available.

• No issues found!
```
